timestamp_utc=2026-09-15T14:11:51.329920+00:00
command=verify-checkpoint
python=3.12.3
platform=Linux-5.4.0-144-generic-x86_64-with-glibc2.35
torch=2.8.0+cu128
sklearn=1.9.1
device=cpu
sha256 bef47dccbc2a9e83211d11d4b6e805cc92f4c361192414cd56a5eb000c125478 results/checkpoint_run/citer_moe/checkpoints/toronto.pt
sha256 33708611a72277e46ef1b1c980d178aa8a8ffbae826139ccab7a68535e4ab780 results/checkpoint_run/citer_moe/checkpoints/toronto_calibrators.joblib
sha256 76078e4a57b66680cd03c8f27ceb00b52662845ff434e45a34265252da477053 results/checkpoint_run/citer_moe/checkpoints/toronto_features.parquet
sha256 ea22ecdf9d607cf27675678d55c6e5b734e32a02bf685857e84f7ec3519a1f2b results/checkpoint_run/citer_moe/predictions.parquet
sha256 262ebecb006a6a66dd97933e426ac20152e091a4eb82a6b8293ad46fcbd07674 results/checkpoint_run/citer_moe/metrics.csv
max_abs_error Toronto probability 3.57627868652e-07
max_abs_error Toronto ranking_score 3.57627868652e-07
PASS metrics Toronto citer_moe_detect
PASS metrics Toronto citer_moe_burden
PASS metrics Toronto citer_moe_rank
PASS metrics Toronto citer_moe_stack
PASS checkpoint replay Toronto
timestamp_utc=2026-09-15T14:12:01.837605+00:00
command=verify-checkpoint
python=3.12.3
platform=Linux-5.4.0-144-generic-x86_64-with-glibc2.35
torch=2.8.0+cu128
sklearn=1.9.1
device=cpu
sha256 feaf10f133596b3802ad7cca1595cd234af44b0a273166ad2b8e823581ac3fba results/checkpoint_run/citer_moe/checkpoints/new_york.pt
sha256 2333188cb19f1c908c60606c27c5f5fab91ce1f26446f79bf3933bc8a635debf results/checkpoint_run/citer_moe/checkpoints/new_york_calibrators.joblib
sha256 060a33a6667c6da3d5624bc58b953c55a4184aaaa69ccd3f5d873eb85b1595ee results/checkpoint_run/citer_moe/checkpoints/new_york_features.parquet
sha256 ea22ecdf9d607cf27675678d55c6e5b734e32a02bf685857e84f7ec3519a1f2b results/checkpoint_run/citer_moe/predictions.parquet
sha256 262ebecb006a6a66dd97933e426ac20152e091a4eb82a6b8293ad46fcbd07674 results/checkpoint_run/citer_moe/metrics.csv
max_abs_error New York probability 2.38418579102e-07
max_abs_error New York ranking_score 2.38418579102e-07
PASS metrics New York citer_moe_detect
PASS metrics New York citer_moe_burden
PASS metrics New York citer_moe_rank
PASS metrics New York citer_moe_stack
PASS checkpoint replay New York
